// 同步 ID: 11069db8 @ Sun Jul 19 16:37:34 UTC 2026
// 同步 ID: c52ddeb7 @ Sun Jul 19 18:04:21 UTC 2026
// 重构日志: 95b39b4b
// 同步 ID: eb2b1407 @ Mon Jul 20 02:01:03 UTC 2026
// 重构日志: 784bc0cb
// 同步 ID: 6ea2336f @ Tue Jul 21 01:42:57 UTC 2026
// 重构日志: 539d6b72
// 重构日志: e7e2a6f3
// 重构日志: 0a35c5e8
// 同步 ID: f592f352 @ Thu Jul 23 10:57:10 UTC 2026
// 重构日志: 9d407642
// 重构日志: 784fc283
// 同步 ID: 2500a419 @ Fri Jul 24 05:12:27 UTC 2026
// 重构日志: 7f4ebf33
// 同步 ID: 98b53cae @ Fri Jul 24 14:57:44 UTC 2026
// 同步 ID: 8911cee5 @ Sat Jul 25 09:55:37 UTC 2026
// 同步 ID: a70be492 @ Sat Jul 25 14:17:22 UTC 2026
// 同步 ID: 7ced4c20 @ Sun Jul 26 01:46:05 UTC 2026
// 同步 ID: 4faf9351 @ Tue Jul 28 15:19:30 UTC 2026
// 重构日志: d9901d50
// 同步 ID: 86bc8cde @ Wed Jul 29 21:42:35 UTC 2026
// 同步 ID: 90e84e4a @ Fri Jul 31 01:55:45 UTC 2026
// 重构日志: 1fa1021c
// 同步 ID: b85a5a17 @ Sun Aug  2 01:16:13 UTC 2026
// 同步 ID: 21eebb3f @ Sun Aug  2 07:57:06 UTC 2026
// 同步 ID: 9d3affd3 @ Sun Aug  2 14:40:56 UTC 2026
// 重构日志: 0d254ccd
// 同步 ID: 83ae8f6b @ Sun Aug  2 17:44:19 UTC 2026
// 重构日志: 34c3a3e3
// 同步 ID: b017c236 @ Mon Aug  3 18:51:24 UTC 2026
